PS D:\Programming\2024\Repositories\part12-containers-applications> docker exec -it todo-backend-redis-1 sh
# KEYS *
sh: 1: KEYS: not found
# KEYS added_todos
sh: 2: KEYS: not found
# redis-cli   
127.0.0.1:6379> KEYS *
1) "added_todos"
127.0.0.1:6379> GET added_todos
"2"
127.0.0.1:6379> SET added_todos "9001"
OK
127.0.0.1:6379> DELETE added_todos
(error) ERR unknown command 'DELETE', with args beginning with: 'added_todos' 
127.0.0.1:6379> DEL added_todos
(integer) 1
127.0.0.1:6379> KEYS *
(empty array)
127.0.0.1:6379>